Error type 7 at Line 10: unmatching operands
Error type 5 at Line 10: unmatching types on both sides of assignment operator (=)

