Error type 2 at Line 8: function is invoked without definition
