Error type 11 at Line 16: applying function invocation operator (foo(...)) on non-function names
