Error type 9 at Line 12: the functionâ€™s arguments mismatch the declared parameters
